[sz-vit.si/index.html]
[cdnjs.cloudflare.com/ajax/libs/animate.css/4.1.1/animate.min.css]
[backblue.gif]
[fade.gif]
[index.html]
[maxcdn.bootstrapcdn.com/font-awesome/4.7.0/css/font-awesome.min.css]
[sz-vit.si/xmlrpc.php]
[sz-vit.si/wp-includes/css/dist/block-library/style.min2aac.css]
[sz-vit.si/wp-content/uploads/bb-plugin/cache/8375-layout362c.css]
[sz-vit.si/wp-content/plugins/sitepress-multilingual-cms/templates/language-switchers/menu-item/style.min68b3.css]
[sz-vit.si/wp-content/themes/emigma/node_modules/@fancyapps/fancybox/dist/jquery.fancybox.minca9d.css]
[sz-vit.si/wp-content/themes/emigma/assets/css/slick2aac.css]
[sz-vit.si/en/index.html]
[use.typekit.net/qfq4dkx2aac.css]
[sz-vit.si/wp-content/plugins/bbpowerpack/assets/css/animate.min9d52.css]
[sz-vit.si/wp-content/themes/emigma/assets/css/themeca9d.css]
[sz-vit.si/wp-content/plugins/sitepress-multilingual-cms/res/js/cookies/language-cookiea02c.js]
[sz-vit.si/wp-includes/js/jquery/jquery.minf43b.js]
[sz-vit.si/wp-includes/js/jquery/jquery-migrate.min5589.js]
[sz-vit.si/wp-content/themes/emigma/assets/js/slick.min2aac.js]
[sz-vit.si/wp-content/uploads/2023/12/cropped-favicon_sz-vit-480x480.png]
[sz-vit.si/wp-content/uploads/2023/09/nav-log.svg]
[sz-vit.si/wp-content/uploads/2023/10/Domaca-stran.jpg]
[sz-vit.si/wp-content/themes/emigma/assets/icons/play_btn.png]
[sz-vit.si/wp-content/uploads/2023/10/sz_vit_certifikati.png]
[sz-vit.si/wp-content/uploads/2023/09/2312063922062_photokranjec.jpg]
[sz-vit.si/wp-content/uploads/2023/10/5296906566276_img20220516095625.jpg]
[sz-vit.si/wp-content/uploads/2023/10/sz_vit_reference.png]
[sz-vit.si/o-nas/index.html]
[sz-vit.si/cdn-cgi/l/email-protection.html]
[sz-vit.si/wp-content/uploads/2023/09/Group-1541.png]
[sz-vit.si/wp-content/plugins/bb-plugin/img/pixel.png]
[sz-vit.si/cdn-cgi/scripts/5c5dd728/cloudflare-static/email-decode.min.js]
[sz-vit.si/wp-content/uploads/bb-plugin/cache/8375-layout3522.js]
[sz-vit.si/wp-content/themes/emigma/node_modules/@fancyapps/fancybox/dist/jquery.fancybox.minca9d.js]
[sz-vit.si/vzdrzevanje/index.html]
[sz-vit.si/wp-content/themes/emigma/assets/js/scripts.minca9d.js]
[sz-vit.si/wp-content/themes/emigma/node_modules/autocomplete.js/dist/autocomplete.jquery.minca9d.js]
[sz-vit.si/wp-content/themes/emigma/dist/js/all.minca9d.js]
[sz-vit.si/wp-content/themes/emigma/node_modules/moment/min/moment.minca9d.js]
[sz-vit.si/vleka/index.html]
[sz-vit.si/wp-content/themes/emigma/node_modules/moment/locale/slca9d.js]
[sz-vit.si/wp-content/themes/emigma/node_modules/smartwizard/dist/js/jquery.smartWizard.minca9d.js]
[sz-vit.si/wp-content/themes/emigma/node_modules/tempusdominus-bootstrap-4/build/js/tempusdominus-bootstrap-4.minca9d.js]
[sz-vit.si/index.html]
[cdnjs.cloudflare.com/ajax/libs/animate.css/4.1.1/animate.min.css]
[maxcdn.bootstrapcdn.com/font-awesome/4.7.0/css/font-awesome.min.css]
[sz-vit.si/tvd/index.html]
[sz-vit.si/xmlrpc.html]
[sz-vit.si/aktualno/index.html]
[sz-vit.si/kontakti/index.html]
[sz-vit.si/novice/index.html]
[sz-vit.si/o-nas/politika-kakovosti-in-certifikati/index.html]
[sz-vit.si/wp-content/uploads/bb-plugin/cache/8378-layout1964.css]
[sz-vit.si/novice/nov-vzdrzevalni-objekt-za-zelezniska-vozila-v-neposredni-blizini-pristanisca-v-kopru/index.html]
[sz-vit.si/en/index.html]
[sz-vit.si/wp-includes/css/dist/block-library/style.min2aac.css]
[sz-vit.si/wp-content/uploads/bb-plugin/cache/8378-layoutd2ea.js]
[sz-vit.si/novice/v-centru-ljubljana-samostojno-izvajamo-kontrolne-preglede-i3-na-vectronih/index.html]
[sz-vit.si/wp-content/uploads/2023/10/Vzdrzevanje.jpg]
[sz-vit.si/wp-content/uploads/bb-plugin/cache/8375-layout362c.css]
[sz-vit.si/novice/uspesno-opravljena-kontrola-presoja-ecm/index.html]
[sz-vit.si/o-nas/poslanstvo-vizija-in-vrednote/index.html]
[sz-vit.si/wp-content/plugins/sitepress-multilingual-cms/templates/language-switchers/menu-item/style.min68b3.css]
[sz-vit.si/o-nas/vodstvo/index.html]
[sz-vit.si/wp-content/themes/emigma/node_modules/@fancyapps/fancybox/dist/jquery.fancybox.minca9d.css]
[sz-vit.si/vzdrzevanje/lokomotive/index.html]
[sz-vit.si/o-nas/reference/index.html]
[sz-vit.si/wp-content/themes/emigma/assets/css/slick2aac.css]
[sz-vit.si/vzdrzevanje/dizelske-in-elektricne-motorne-garniture/index.html]
[sz-vit.si/vzdrzevanje/potniski-vagoni/index.html]
[sz-vit.si/vzdrzevanje/tovorni-vagoni/index.html]
[sz-vit.si/vzdrzevanje/zelezniska-vozila-za-posebne-namene/index.html]
[sz-vit.si/vzdrzevanje/obdelava-in-vzdrzevanje-kolesnih-dvojic-in-komponent/index.html]
[sz-vit.si/vzdrzevanje/dodatne-storitve/index.html]
[sz-vit.si/publikacije/index.html]
[use.typekit.net/af/c2b6e5/00000000000000007735afee/30/le74e]
[sz-vit.si/informacije-javnega-znacaja/index.html]
[sz-vit.si/politika-varovanja-osebnih-podatkov/index.html]
[use.typekit.net/af/c2b6e5/00000000000000007735afee/30/de74e]
[sz-vit.si/izjava-o-dostopnosti/index.html]
[sz-vit.si/en/about/index.html]
[use.typekit.net/af/c2b6e5/00000000000000007735afee/30/ae74e]
[sz-vit.si/en/traction/index.html]
[sz-vit.si/en/maintenance/index.html]
[use.typekit.net/af/2bc98d/00000000000000007735aff1/30/l6b64]
[sz-vit.si/en/latest/index.html]
[sz-vit.si/en/contact/index.html]
[sz-vit.si/en/technical-wagon-services/index.html]
[use.typekit.net/af/2bc98d/00000000000000007735aff1/30/d.2d6b64.delayed]
[sz-vit.si/en/about/quality-policy-and-certificates/index.html]
[sz-vit.si/en/news/new-maintenance-facility-for-rolling-stock-next-to-the-port-od-koper/index.html]
[use.typekit.net/af/2bc98d/00000000000000007735aff1/30/a6b64]
[sz-vit.si/en/news/ljubljana-center-now-with-independent-i3-inspections-of-vectron-locomotives/index.html]
[use.typekit.net/af/1fe1ce/00000000000000007735aff6/30/l2169]
[sz-vit.si/en/news/index.html]
[sz-vit.si/en/news/sz-vit-passes-ecm-surveillance-audit/index.html]
[use.typekit.net/af/1fe1ce/00000000000000007735aff6/30/d2169]
[use.typekit.net/af/1fe1ce/00000000000000007735aff6/30/a2169]
[use.typekit.net/af/2bdaca/00000000000000007735afe5/30/le196]
[sz-vit.si/en/about/references/index.html]
[use.typekit.net/af/2bdaca/00000000000000007735afe5/30/de196]
[use.typekit.net/af/2bdaca/00000000000000007735afe5/30/ae196]
[sz-vit.si/en/about/mission-vision-and-values/index.html]
[use.typekit.net/af/ceff00/00000000000000007735afe9/30/l5bba]
[use.typekit.net/af/ceff00/00000000000000007735afe9/30/d5bba]
[use.typekit.net/af/ceff00/00000000000000007735afe9/30/a5bba]
[use.typekit.net/af/6be18e/00000000000000007735afeb/30/l652f]
[use.typekit.net/af/6be18e/00000000000000007735afeb/30/d652f]
[sz-vit.si/en/about/management/index.html]
[use.typekit.net/qfq4dkx2aac.css]
[use.typekit.net/af/6be18e/00000000000000007735afeb/30/a652f]
[sz-vit.si/wp-content/plugins/bbpowerpack/assets/css/animate.min9d52.css]
[sz-vit.si/wp-content/themes/emigma/node_modules/owl.carousel/dist/assets/owl.carousel.css]
[sz-vit.si/en/maintenance/locomotives/index.html]
[sz-vit.si/en/maintenance/dmu-and-emu/index.html]
[sz-vit.si/wp-content/themes/emigma/assets/fonts/fontawesome-webfont3e6e.eot]
[sz-vit.si/wp-content/themes/emigma/assets/fonts/fontawesome-webfontd41d.eot]
[sz-vit.si/en/maintenance/coaches/index.html]
[sz-vit.si/wp-content/themes/emigma/assets/fonts/fontawesome-webfont3e6e.woff2]
[sz-vit.si/wp-content/themes/emigma/assets/fonts/fontawesome-webfont3e6e.woff]
[sz-vit.si/en/maintenance/freight-wagons/index.html]
[sz-vit.si/wp-content/themes/emigma/assets/fonts/fontawesome-webfont3e6e.ttf]
[sz-vit.si/wp-content/themes/emigma/assets/fonts/fontawesome-webfont3e6e.svg]
[sz-vit.si/wp-content/themes/emigma/assets/fonts/AkzidGrtskNext-ExtraLight.woff]
[sz-vit.si/wp-content/themes/emigma/assets/fonts/AkzidGrtskNext-Light.woff]
[sz-vit.si/wp-content/themes/emigma/assets/fonts/AkzidGrtskNext-Regular.woff]
[sz-vit.si/wp-content/themes/emigma/assets/fonts/AkzidGrtskNext-Med.woff]
[sz-vit.si/en/maintenance/specialised-vehicles/index.html]
[sz-vit.si/wp-content/themes/emigma/assets/fonts/AkzidGrtskNext-Bold.woff]
[sz-vit.si/wp-content/themes/emigma/assets/fonts/AkzidGrtskNext-ExtraBold.woff]
[sz-vit.si/en/maintenance/additional-services/index.html]
[sz-vit.si/en/maintenance/wheelsets-and-components/index.html]
[sz-vit.si/wp-content/themes/emigma/assets/fonts/AkzidGrtskNext-Black.woff]
[sz-vit.si/wp-content/themes/emigma/assets/images/quote.png]
[sz-vit.si/en/protection-of-personal-data/index.html]
[sz-vit.si/en/publications/index.html]
[sz-vit.si/wp-content/themes/emigma/assets/images/nav-bg.svg]
[sz-vit.si/en/accessibility-statement/index.html]
[sz-vit.si/wp-content/themes/emigma/assets/images/vizitka-border.png]
[sz-vit.si/wp-content/themes/emigma/assets/images/download.svg]
[sz-vit.si/wp-content/themes/emigma/assets/images/page_bg.svg]
[sz-vit.si/wp-content/themes/emigma/assets/org/full.png]
[sz-vit.si/wp-content/themes/emigma/assets/org/first-man.png]
[sz-vit.si/wp-content/themes/emigma/assets/org/first.png]
[sz-vit.si/wp-content/themes/emigma/assets/org/full-double.png]
[sz-vit.si/wp-content/themes/emigma/assets/org/seconds.png]
[sz-vit.si/wp-content/themes/emigma/assets/org/seconds-last.png]
[sz-vit.si/wp-content/themes/emigma/assets/org/terminals.png]
[sz-vit.si/wp-content/themes/emigma/assets/images/news-item-bg.svg]
[sz-vit.si/wp-content/themes/emigma/assets/images/dejavnosti-top.png]
[sz-vit.si/wp-content/themes/emigma/assets/icons/ic-brightness.svg]
[sz-vit.si/wp-content/themes/emigma/assets/icons/virus.svg]
[sz-vit.si/wp-content/themes/emigma/assets/icons/login.svg]
[sz-vit.si/wp-content/themes/emigma/assets/icons/check.svg]
[sz-vit.si/wp-content/themes/emigma/assets/css/themeca9d.css]
[www.googletagmanager.com/gtm5445.html]
[sz-vit.si/wp-content/uploads/2023/09/nav-log.svg]
[sz-vit.si/wp-content/uploads/bb-plugin/cache/8498-layout5b6f.css]
[sz-vit.si/wp-content/uploads/2023/09/Predstavitev.png]
[sz-vit.si/wp-content/plugins/gravityforms/assets/css/dist/basic.min5e0b.css]
[sz-vit.si/wp-content/plugins/gravityforms/assets/css/dist/theme-ie11.min5e0b.css]
[sz-vit.si/wp-content/plugins/gravityforms/assets/css/dist/theme.min5e0b.css]
[sz-vit.si/wp-includes/js/dist/vendor/wp-polyfill-inert.min0226.js]
[sz-vit.si/wp-includes/js/dist/vendor/regenerator-runtime.min6c85.js]
[sz-vit.si/wp-includes/js/dist/vendor/wp-polyfill.min2c7c.js]
[sz-vit.si/wp-includes/js/dist/dom-ready.minded6.js]
[sz-vit.si/wp-includes/js/dist/hooks.min2ebd.js]
[sz-vit.si/wp-includes/js/dist/i18n.minf92f.js]
[sz-vit.si/wp-includes/js/dist/a11y.min866e.js]
[sz-vit.si/wp-content/plugins/gravityforms/js/jquery.json.min5e0b.js]
[sz-vit.si/wp-content/plugins/gravityforms/js/gravityforms.min5e0b.js]
[sz-vit.si/wp-content/plugins/gravityforms/images/spinner.svg]
[sz-vit.si/wp-content/uploads/bb-plugin/cache/8498-layoutc8f0.js]
[sz-vit.si/wp-content/plugins/gravityforms/assets/js/dist/utils.minbdb4.js]
[sz-vit.si/wp-content/plugins/gravityforms/assets/js/dist/vendor-theme.minca9e.js]
[sz-vit.si/wp-content/plugins/gravityforms/assets/js/dist/scripts-theme.min00af.js]
[sz-vit.si/o-nas/index.html]
[sz-vit.si/wp-content/uploads/bb-plugin/cache/8714-layout5ab6.css]
[sz-vit.si/wp-content/uploads/bb-plugin/cache/8714-layout4d0d.js]
[sz-vit.si/vzdrzevanje/index.html]
[sz-vit.si/wp-content/uploads/bb-plugin/cache/8502-layout1138.css]
[sz-vit.si/wp-content/uploads/2023/10/Vleka-2.jpg]
[sz-vit.si/wp-content/uploads/bb-plugin/cache/8502-layoutc8f0.js]
[sz-vit.si/vleka/index.html]
[sz-vit.si/wp-content/uploads/bb-plugin/cache/8504-layoutad0c.css]
[sz-vit.si/wp-content/uploads/2023/10/TVD-2.jpg]
[sz-vit.si/wp-content/uploads/bb-plugin/cache/8504-layoutc8f0.js]
[sz-vit.si/tvd/index.html]
[sz-vit.si/wp-content/uploads/bb-plugin/cache/8506-layout01b0.css]
[sz-vit.si/wp-content/uploads/2023/10/vitraz-520x300.jpg]
[sz-vit.si/wp-content/uploads/2023/11/informacije-javnega-znacaja_thumbnail.jpg]
[sz-vit.si/wp-content/uploads/bb-plugin/cache/8506-layout5d59.js]
[sz-vit.si/aktualno/index.html]
[sz-vit.si/wp-content/uploads/bb-plugin/cache/8508-layout6cfc.css]
[sz-vit.si/wp-content/uploads/2023/10/Vodstvo.jpg]
[sz-vit.si/kontakti/index.html]
[sz-vit.si/wp-content/uploads/bb-plugin/cache/8508-layoutc8f0.js]
[sz-vit.si/wp-content/uploads/bb-plugin/cache/8676-layoutc36c.css]
[sz-vit.si/wp-content/uploads/2023/10/Cerifikati.jpg]
[sz-vit.si/wp-content/uploads/2023/11/POLITIKA-KAKOVOSTI-2023.pdf]
[sz-vit.si/wp-content/uploads/2023/11/POLITIKA-KAKOVOSTI-2023-pdf-3-339x480.jpg]
[sz-vit.si/wp-content/uploads/2023/10/ISO-9001-2015.pdf]
[sz-vit.si/wp-content/uploads/2023/10/ISO-9001-2015-pdf-3-339x480.jpg]
[sz-vit.si/wp-content/uploads/2023/10/ISO-50001-2018.pdf]
[sz-vit.si/wp-content/uploads/2023/10/ISO-50001-2018-pdf-3-336x480.jpg]
[sz-vit.si/wp-content/uploads/2024/01/SZ-VIT-d.o.o.-ISO-14001-RECERT-Certificate-SLO-23012024.pdf]
[sz-vit.si/wp-content/uploads/2024/01/SZ-VIT-d.o.o.-ISO-14001-RECERT-Certificate-SLO-23012024-pdf-339x480.jpg]
[sz-vit.si/wp-content/uploads/2023/10/8968093669444_7395_ecm_sz-vit_ih-fktivzentraleljubljana_en.pdf]
[sz-vit.si/wp-content/uploads/2023/10/8968093669444_7395_ecm_sz-vit_ih-fktivzentraleljubljana_en-pdf-3-339x480.jpg]
[sz-vit.si/wp-content/uploads/2023/10/4344346197169_7412_ecm_sz-vit_ih-fktivcenterljubljana_en.pdf]
[sz-vit.si/wp-content/uploads/2023/10/4344346197169_7412_ecm_sz-vit_ih-fktivcenterljubljana_en-pdf-3-339x480.jpg]
[sz-vit.si/wp-content/uploads/2023/10/5743307078511_7398_ecm_sz-vit_ih-fktivcenter_maribor_en.pdf]
[sz-vit.si/wp-content/uploads/2023/10/5743307078511_7398_ecm_sz-vit_ih-fktivcenter_maribor_en-pdf-3-339x480.jpg]
[sz-vit.si/wp-content/uploads/2023/10/7866316602258_7399_ecm_sz-vit_ih-fktivcenter_dobova_en.pdf]
[sz-vit.si/wp-content/uploads/2023/10/7866316602258_7399_ecm_sz-vit_ih-fktivcenter_dobova_en-pdf-3-339x480.jpg]
[sz-vit.si/wp-content/uploads/2023/10/16888336554_7397_ecm_sz-vit_ih-fktivcenter_ptuj_en.pdf]
[sz-vit.si/wp-content/uploads/2023/10/16888336554_7397_ecm_sz-vit_ih-fktivcenter_ptuj_en-pdf-3-339x480.jpg]
[sz-vit.si/wp-content/uploads/2023/10/4685542674939_7396_ecm_sz-vit_ih-fktivcenter_divaca_en.pdf]
[sz-vit.si/wp-content/uploads/2023/10/4685542674939_7396_ecm_sz-vit_ih-fktivcenter_divaca_en-pdf-3-339x480.jpg]
[sz-vit.si/wp-content/uploads/2024/02/EN_15085_1_certifikat_DIVACA.pdf]
[sz-vit.si/wp-content/uploads/2024/02/EN_15085_1_certifikat_DIVACA-pdf-339x480.jpg]
[sz-vit.si/wp-content/uploads/2024/02/ISO_3834_2_certifikat_DIVACA.pdf]
[sz-vit.si/wp-content/uploads/2024/02/ISO_3834_2_certifikat_DIVACA-pdf-339x480.jpg]
[sz-vit.si/wp-content/uploads/2023/10/8618107020669_en_15085_2_certifikat_koper_cl2.pdf]
[sz-vit.si/wp-content/uploads/2023/10/8618107020669_en_15085_2_certifikat_koper_cl2-pdf-3-339x480.jpg]
[sz-vit.si/wp-content/uploads/2023/10/9755420401891_iso_3834_3_certifikat_koper.pdf]
[sz-vit.si/wp-content/uploads/2023/10/9755420401891_iso_3834_3_certifikat_koper-pdf-3-339x480.jpg]
[sz-vit.si/wp-content/uploads/2023/10/6729414909833_15085_cl1-sz-vitdobovacertifikatslo-ang.pdf]
[sz-vit.si/wp-content/uploads/2023/10/6729414909833_15085_cl1-sz-vitdobovacertifikatslo-ang-pdf-3-339x480.jpg]
[sz-vit.si/wp-content/uploads/2023/10/3339243299851_iso_3834_2_certifikat_dobova.pdf]
[sz-vit.si/wp-content/uploads/2023/10/3339243299851_iso_3834_2_certifikat_dobova-pdf-3-339x480.jpg]
[sz-vit.si/wp-content/uploads/2023/10/2581920281295_rid_point_6_8_2_1_23_certifikat_dobova.pdf]
[sz-vit.si/wp-content/uploads/2023/10/2581920281295_rid_point_6_8_2_1_23_certifikat_dobova-pdf-3-339x480.jpg]
[sz-vit.si/wp-content/uploads/2023/10/2484491909552_ad_hpo_certifikat_dobova.pdf]
[sz-vit.si/wp-content/uploads/2023/10/2484491909552_ad_hpo_certifikat_dobova-pdf-3-339x480.jpg]
[sz-vit.si/wp-content/uploads/2023/11/EN_15085_2_certifikat_LJUBLJANA_CL1.pdf]
[sz-vit.si/wp-content/uploads/2023/11/EN_15085_2_certifikat_LJUBLJANA_CL1-pdf-3-339x480.jpg]
[sz-vit.si/wp-content/uploads/2023/11/ISO_3834_2_certifikat_LJUBLJANA.pdf]
[sz-vit.si/wp-content/uploads/2023/11/ISO_3834_2_certifikat_LJUBLJANA-pdf-3-339x480.jpg]
[sz-vit.si/wp-content/uploads/2023/11/EN_15085_2_certifikat_MARIBOR.pdf]
[sz-vit.si/wp-content/uploads/2023/11/EN_15085_2_certifikat_MARIBOR-pdf-3-339x480.jpg]
[sz-vit.si/wp-content/uploads/2023/11/ISO_3834_3_certifikat_MARIBOR.pdf]
[sz-vit.si/wp-content/uploads/2023/11/ISO_3834_3_certifikat_MARIBOR-pdf-3-339x480.jpg]
[sz-vit.si/wp-content/uploads/2023/11/4269872442796_iso_3834_3_certifikat_tezno.pdf]
[sz-vit.si/wp-content/uploads/2023/11/4269872442796_iso_3834_3_certifikat_tezno-pdf-3-339x480.jpg]
[sz-vit.si/wp-content/uploads/2023/10/637935051015_en_15085_2_certifikat_tezno.pdf]
[sz-vit.si/wp-content/uploads/2023/10/637935051015_en_15085_2_certifikat_tezno-pdf-3-339x480.jpg]
[sz-vit.si/wp-content/uploads/2023/10/502906450133_15085-2_ptuj.pdf]
[sz-vit.si/wp-content/uploads/2023/10/502906450133_15085-2_ptuj-pdf-3-339x480.jpg]
[sz-vit.si/wp-content/uploads/2023/10/5031044875433_iso_3834_2_certifikat_ptuj.pdf]
[sz-vit.si/wp-content/uploads/2023/10/5031044875433_iso_3834_2_certifikat_ptuj-pdf-3-339x480.jpg]
[sz-vit.si/wp-content/uploads/2023/10/3557958965875_rid_point_6_8_2_1_23_certifikat_ptuj.pdf]
[sz-vit.si/wp-content/uploads/2023/10/3557958965875_rid_point_6_8_2_1_23_certifikat_ptuj-pdf-3-340x480.jpg]
[sz-vit.si/wp-content/uploads/2023/10/4010448794807_ad_hpo_certifikat_ptuj.pdf]
[sz-vit.si/wp-content/uploads/2023/10/4010448794807_ad_hpo_certifikat_ptuj-pdf-3-339x480.jpg]
[sz-vit.si/wp-content/uploads/2023/11/EN_15085_2_certifikat_ZALOG.pdf]
[sz-vit.si/wp-content/uploads/2023/11/EN_15085_2_certifikat_ZALOG-pdf-3-339x480.jpg]
[sz-vit.si/wp-content/uploads/2023/11/ISO_3834_3_certifikat_ZALOG.pdf]
[sz-vit.si/wp-content/uploads/2023/11/ISO_3834_3_certifikat_ZALOG-pdf-3-339x480.jpg]
[sz-vit.si/wp-content/uploads/2023/12/Slovenska-akreditacija.pdf]
[sz-vit.si/wp-content/uploads/2023/12/Slovenska-akreditacija-pdf-3-339x480.jpg]
[sz-vit.si/wp-content/uploads/2023/10/4773679348231_rid-20003-ce-def-approved_experts_slovenia.pdf]
[sz-vit.si/wp-content/uploads/2023/10/4773679348231_rid-20003-ce-def-approved_experts_slovenia-pdf-3-339x480.jpg]
[sz-vit.si/wp-content/uploads/2023/11/8671725932641_zertifikatc-2013281-0-2szvlekaintehnikad.o.oszvit.pdf]
[sz-vit.si/wp-content/uploads/2023/11/8671725932641_zertifikatc-2013281-0-2szvlekaintehnikad.o.oszvit-pdf-3-339x480.jpg]
[sz-vit.si/wp-content/uploads/2023/11/5904556853174_zertifikatc-2013281-0-1szvlekaintehnikad.o.oszvit.pdf]
[sz-vit.si/wp-content/uploads/2023/11/5904556853174_zertifikatc-2013281-0-1szvlekaintehnikad.o.oszvit-pdf-3-339x480.jpg]
[sz-vit.si/wp-content/uploads/2023/12/Kompetenzbestatigung-2023-SZ-Vit-Dobova.pdf]
[sz-vit.si/wp-content/uploads/2023/12/Kompetenzbestatigung-2023-SZ-Vit-Dobova-pdf-339x480.jpg]
[sz-vit.si/wp-content/uploads/2023/12/Kompetenzbestatigung-2022-SZ-Vit-Ptuj.pdf]
[sz-vit.si/wp-content/uploads/2023/12/Kompetenzbestatigung-2022-SZ-Vit-Ptuj-pdf-339x480.jpg]
[sz-vit.si/wp-content/uploads/2023/10/7824824885356_ba303.pdf]
[sz-vit.si/wp-content/uploads/2023/10/7824824885356_ba303-pdf-3-339x480.jpg]
[sz-vit.si/wp-content/uploads/2023/10/6508054320003_ba314.pdf]
[sz-vit.si/wp-content/uploads/2023/10/6508054320003_ba314-pdf-3-339x480.jpg]
[sz-vit.si/wp-content/uploads/2023/10/3565872822048_ult23.pdf]
[sz-vit.si/wp-content/uploads/2023/10/3565872822048_ult23-pdf-3-339x480.jpg]
[sz-vit.si/wp-content/uploads/2023/10/5588817799651_ult25.pdf]
[sz-vit.si/wp-content/uploads/2023/10/5588817799651_ult25-pdf-3-339x480.jpg]
[sz-vit.si/wp-content/uploads/bb-plugin/cache/8676-layout89c3.js]
[sz-vit.si/o-nas/politika-kakovosti-in-certifikati/index.html]
[sz-vit.si/wp-content/uploads/2021/09/ZEL15-1045_CD-Ptuj_CO.jpg]
[sz-vit.si/wp-content/uploads/2023/10/6139116809090_img20210525135923.jpg]
[sz-vit.si/novice/index.html]
[sz-vit.si/novice/novo-leto-nova-podoba/index.html]
[sz-vit.si/novice/nov-vzdrzevalni-objekt-za-zelezniska-vozila-v-neposredni-blizini-pristanisca-v-kopru/index.html]
[sz-vit.si/novice/nove-kolesne-dvojice-v-skladu-s-tsi/index.html]
[sz-vit.si/novice/uspesno-opravljena-recertifikacijska-presoja-ecm-po-uredbi-eu-2019-779/index.html]
[sz-vit.si/novice/v-centru-ljubljana-samostojno-izvajamo-kontrolne-preglede-i3-na-vectronih/index.html]
[sz-vit.si/novice/koncana-prva-velika-revizija-na-elektricni-lokomotivi-541/index.html]
[sz-vit.si/wp-content/uploads/2023/10/3854518597891_ecm.jpg]
[sz-vit.si/novice/uspesno-opravljena-kontrola-presoja-ecm/index.html]
[sz-vit.si/wp-content/uploads/2023/10/Reference.jpg]
[sz-vit.si/wp-content/uploads/2023/09/o7bfqx11.png]
[sz-vit.si/wp-content/uploads/2023/10/groupe-cat_logo-640x201.png]
[sz-vit.si/wp-content/uploads/2023/10/1613717638142_dscn2574.jpg]
[sz-vit.si/wp-content/uploads/2023/10/1613717638142_dscn2574-270x230.jpg]
[sz-vit.si/wp-content/uploads/2023/10/MRCE_logo.png]
[sz-vit.si/wp-content/uploads/2023/10/207954989333_zel19-0399_cd_lj-moste_cx-l1.jpg]
[sz-vit.si/wp-content/uploads/2023/10/207954989333_zel19-0399_cd_lj-moste_cx-l1-270x230.jpg]
[sz-vit.si/wp-content/uploads/2023/10/loko-trans_logo.jpg]
[sz-vit.si/wp-content/uploads/2023/10/81835426495_dscn4014.jpg]
[sz-vit.si/wp-content/uploads/2023/10/81835426495_dscn4014-270x230.jpg]
[sz-vit.si/wp-content/uploads/2023/10/Slovenske-zeleznice_logo.png]
[sz-vit.si/wp-content/uploads/2023/10/6192316193169_zel19-3387_cd_maribor_cx.jpg]
[sz-vit.si/wp-content/uploads/2023/10/6192316193169_zel19-3387_cd_maribor_cx-270x230.jpg]
[sz-vit.si/wp-content/uploads/2023/10/4282315982101_vr3123.jpg]
[sz-vit.si/wp-content/uploads/2023/10/4282315982101_vr3123-270x230.jpg]
[sz-vit.si/wp-content/uploads/2023/09/Transwaggon-TWA_logo.png]
[sz-vit.si/wp-content/uploads/2023/10/railloc_logo-640x192.jpg]
[sz-vit.si/wp-content/uploads/2023/10/9342544927532_dscn8253.jpg]
[sz-vit.si/wp-content/uploads/2023/10/9342544927532_dscn8253-270x230.jpg]
[sz-vit.si/wp-content/uploads/2023/10/tegrad_logo.jpg]
[sz-vit.si/wp-content/uploads/2023/10/1229083580818_20180511_150943.jpg]
[sz-vit.si/wp-content/uploads/2023/10/1229083580818_20180511_150943-270x230.jpg]
[sz-vit.si/wp-content/uploads/2023/10/4823097530256_file.jpg]
[sz-vit.si/wp-content/uploads/2023/10/4823097530256_file-270x230.jpg]
[sz-vit.si/wp-content/uploads/2023/10/842324952579_zel19-9322_cd_lj-moste_mk_x.jpg]
[sz-vit.si/wp-content/uploads/2023/10/842324952579_zel19-9322_cd_lj-moste_mk_x-270x230.jpg]
[sz-vit.si/wp-content/uploads/2023/10/9067264283169_20170516_142333_resized.jpg]
[sz-vit.si/wp-content/uploads/2023/10/9067264283169_20170516_142333_resized-270x230.jpg]
[sz-vit.si/wp-content/uploads/2023/10/zeljeznice-republike-srpske_logo-640x287.jpg]
[sz-vit.si/wp-content/uploads/2023/10/4591751308721_20160209_081242.jpg]
[sz-vit.si/wp-content/uploads/2023/10/4591751308721_20160209_081242-270x230.jpg]
[sz-vit.si/wp-content/uploads/2023/10/6827440555524_img_2336.jpg]
[sz-vit.si/wp-content/uploads/2023/10/6827440555524_img_2336-270x230.jpg]
[sz-vit.si/wp-content/uploads/2023/10/european-locomotive-leasing_logo.jpg]
[sz-vit.si/wp-content/uploads/2023/10/7497110588740_vectronell.jpg]
[sz-vit.si/wp-content/uploads/2023/10/7497110588740_vectronell-270x230.jpg]
[sz-vit.si/wp-content/uploads/2023/10/monfer-cereali-srl_logo.jpg]
[sz-vit.si/wp-content/uploads/2023/10/1713974591409_uagpsmonfer.jpg]
[sz-vit.si/wp-content/uploads/2023/10/1713974591409_uagpsmonfer-270x230.jpg]
[sz-vit.si/wp-content/uploads/2023/10/GATX_logo.jpg]
[sz-vit.si/wp-content/uploads/2023/10/871023173564_cisternagatx.jpg]
[sz-vit.si/wp-content/uploads/2023/10/871023173564_cisternagatx-270x230.jpg]
[sz-vit.si/wp-content/uploads/2023/10/VTG-Austria-GmbH_logo.png]
[sz-vit.si/wp-content/uploads/2023/10/7893882436295_cisternavtg.jpg]
[sz-vit.si/wp-content/uploads/2023/10/7893882436295_cisternavtg-270x230.jpg]
[sz-vit.si/wp-content/uploads/2023/10/ORV-GmbH_logo.jpg]
[sz-vit.si/wp-content/uploads/2023/10/2035093504434_rgsorv.jpg]
[sz-vit.si/wp-content/uploads/2023/10/2035093504434_rgsorv-270x230.jpg]
[sz-vit.si/wp-content/uploads/2023/10/3196540384260_razkladanjeavtomobilovnapostajikoper.jpg]
[sz-vit.si/wp-content/uploads/2023/10/3196540384260_razkladanjeavtomobilovnapostajikoper-270x230.jpg]
[sz-vit.si/wp-content/uploads/2023/10/9974613260532_vgrajeneomaricezelementizamanipulacijo.jpg]
[sz-vit.si/wp-content/uploads/2023/10/9974613260532_vgrajeneomaricezelementizamanipulacijo-270x230.jpg]
[sz-vit.si/wp-content/uploads/2023/10/luka-koper_logo.svg]
[sz-vit.si/wp-content/uploads/2023/10/1766514799092_vosslohkontrolnipregledi.jpg]
[sz-vit.si/wp-content/uploads/2023/10/1766514799092_vosslohkontrolnipregledi-270x230.jpg]
[sz-vit.si/wp-content/uploads/2023/10/621875949386_vosslohg6.jpg]
[sz-vit.si/wp-content/uploads/2023/10/621875949386_vosslohg6-270x230.jpg]
[sz-vit.si/wp-content/uploads/2023/10/1031551114284_eurorunnermrce.jpg]
[sz-vit.si/wp-content/uploads/2023/10/1031551114284_eurorunnermrce-270x230.jpg]
[sz-vit.si/wp-content/uploads/2023/10/rts_logo.png]
[sz-vit.si/wp-content/uploads/2023/10/198408208349_siemenstaurusrts.jpg]
[sz-vit.si/wp-content/uploads/2023/10/198408208349_siemenstaurusrts-270x230.jpg]
[sz-vit.si/wp-content/uploads/2023/10/1281937768821_tadds1.jpg]
[sz-vit.si/wp-content/uploads/2023/10/1281937768821_tadds1-270x230.jpg]
[sz-vit.si/wp-content/uploads/2023/10/7850310377678_tadds2.jpg]
[sz-vit.si/wp-content/uploads/2023/10/7850310377678_tadds2-270x230.jpg]
[sz-vit.si/wp-content/uploads/2023/10/5784139920516_tadds3.jpg]
[sz-vit.si/wp-content/uploads/2023/10/5784139920516_tadds3-270x230.jpg]
[sz-vit.si/wp-content/uploads/2023/10/Atir-Rail_logo.png]
[sz-vit.si/wp-content/uploads/2023/10/1638460118528_vagoncisternaatir-rail2.jpg]
[sz-vit.si/wp-content/uploads/2023/10/1638460118528_vagoncisternaatir-rail2-270x230.jpg]
[sz-vit.si/wp-content/uploads/2023/10/5615182534642_cisternaatir-rail1.jpg]
[sz-vit.si/wp-content/uploads/2023/10/5615182534642_cisternaatir-rail1-270x230.jpg]
[sz-vit.si/wp-content/uploads/2023/10/7067341757770_541-007medpopravilom.jpg]
[sz-vit.si/wp-content/uploads/2023/10/7067341757770_541-007medpopravilom-270x230.jpg]
[sz-vit.si/wp-content/uploads/2023/10/9004046882335_541-007predkoncanimpopravilom.jpg]
[sz-vit.si/wp-content/uploads/2023/10/9004046882335_541-007predkoncanimpopravilom-270x230.jpg]
[sz-vit.si/wp-content/uploads/2023/10/1065647699262_541-016povstopuvdelavnico.jpg]
[sz-vit.si/wp-content/uploads/2023/10/1065647699262_541-016povstopuvdelavnico-270x230.jpg]
[sz-vit.si/wp-content/uploads/2023/10/8071361944884_541-016nabarvanju.jpg]
[sz-vit.si/wp-content/uploads/2023/10/8071361944884_541-016nabarvanju-270x230.jpg]
[sz-vit.si/wp-content/uploads/2023/10/7886262603984_541-016predizstopomizdelavnice.jpg]
[sz-vit.si/wp-content/uploads/2023/10/7886262603984_541-016predizstopomizdelavnice-270x230.jpg]
[sz-vit.si/wp-content/uploads/2023/10/Touax-Rail-Ltd._logo.png]
[sz-vit.si/wp-content/uploads/2023/10/3639209483930_vagonploscnik.jpg]
[sz-vit.si/wp-content/uploads/2023/10/3639209483930_vagonploscnik-270x230.jpg]
[sz-vit.si/wp-content/uploads/2023/10/7764112000461_813-103potniskiprostorpopozaru.jpg]
[sz-vit.si/wp-content/uploads/2023/10/7764112000461_813-103potniskiprostorpopozaru-270x230.jpg]
[sz-vit.si/wp-content/uploads/2023/10/1025275892342_813-103.jpg]
[sz-vit.si/wp-content/uploads/2023/10/1025275892342_813-103-270x230.jpg]
[sz-vit.si/wp-content/uploads/2023/10/4546423431921_813-103wcpopozaru.jpg]
[sz-vit.si/wp-content/uploads/2023/10/4546423431921_813-103wcpopozaru-270x230.jpg]
[sz-vit.si/wp-content/uploads/2023/10/5724492831542_813-103wcpoobnovi.jpg]
[sz-vit.si/wp-content/uploads/2023/10/5724492831542_813-103wcpoobnovi-270x230.jpg]
[sz-vit.si/wp-content/uploads/2023/10/8782570234868_cisternaatir-rail1.jpg]
[sz-vit.si/wp-content/uploads/2023/10/8782570234868_cisternaatir-rail1-270x230.jpg]
[sz-vit.si/wp-content/uploads/2023/10/5878498372097_centralniventil_atirrail.jpg]
[sz-vit.si/wp-content/uploads/2023/10/5878498372097_centralniventil_atirrail-270x230.jpg]
[sz-vit.si/wp-content/uploads/2023/10/Zeljeznicki-transport-Crne-Gore_logo.png]
[sz-vit.si/wp-content/uploads/2023/10/2775305704276_643-051stara.jpg]
[sz-vit.si/wp-content/uploads/2023/10/2775305704276_643-051stara-270x230.jpg]
[sz-vit.si/wp-content/uploads/2023/10/9805537535479_643-051nova.jpg]
[sz-vit.si/wp-content/uploads/2023/10/9805537535479_643-051nova-270x230.jpg]
[sz-vit.si/wp-content/uploads/2023/10/5674518333825_transformator.jpg]
[sz-vit.si/wp-content/uploads/2023/10/5674518333825_transformator-270x230.jpg]
[sz-vit.si/wp-content/uploads/2023/10/2687480763802_spilje.jpg]
[sz-vit.si/wp-content/uploads/2023/10/2687480763802_spilje-270x230.jpg]
[sz-vit.si/wp-content/uploads/2023/10/3194524951245_avtovlaknizozemska1.jpg]
[sz-vit.si/wp-content/uploads/2023/10/3194524951245_avtovlaknizozemska1-270x230.jpg]
[sz-vit.si/wp-content/uploads/2023/10/7983748152622_avtovlak06.07.13hertogenbosch015.jpg]
[sz-vit.si/wp-content/uploads/2023/10/7983748152622_avtovlak06.07.13hertogenbosch015-270x230.jpg]
[sz-vit.si/wp-content/uploads/2023/10/8177657661779_rotor.jpg]
[sz-vit.si/wp-content/uploads/2023/10/8177657661779_rotor-270x230.jpg]
[sz-vit.si/wp-content/uploads/2023/10/8371770352305_732-178predprvimzagonom.jpg]
[sz-vit.si/wp-content/uploads/2023/10/8371770352305_732-178predprvimzagonom-270x230.jpg]
[sz-vit.si/wp-content/uploads/2023/10/8667610885182_732-178meddelom1.jpg]
[sz-vit.si/wp-content/uploads/2023/10/8667610885182_732-178meddelom1-270x230.jpg]
[sz-vit.si/wp-content/uploads/2023/10/8256522459153_732-178meddelom2.jpg]
[sz-vit.si/wp-content/uploads/2023/10/8256522459153_732-178meddelom2-270x230.jpg]
[sz-vit.si/wp-content/uploads/2023/10/4509416842103_732-178zadnjepriprave.jpg]
[sz-vit.si/wp-content/uploads/2023/10/4509416842103_732-178zadnjepriprave-270x230.jpg]
[sz-vit.si/wp-content/uploads/2023/10/2692172986603_711_pokoncanireviziji.jpg]
[sz-vit.si/wp-content/uploads/2023/10/2692172986603_711_pokoncanireviziji-270x230.jpg]
[sz-vit.si/wp-content/uploads/2023/10/8297769149349_711_obnovljenanotranjost.jpg]
[sz-vit.si/wp-content/uploads/2023/10/8297769149349_711_obnovljenanotranjost-270x230.jpg]
[sz-vit.si/wp-content/uploads/2023/10/4875601626358_711_novesedezneprevleke.jpg]
[sz-vit.si/wp-content/uploads/2023/10/4875601626358_711_novesedezneprevleke-270x230.jpg]
[sz-vit.si/wp-content/uploads/2023/10/4303369662950_711_svezabarvainnapisi.jpg]
[sz-vit.si/wp-content/uploads/2023/10/4303369662950_711_svezabarvainnapisi-270x230.jpg]
[sz-vit.si/wp-content/uploads/2023/10/6600697716136_711_pokoncanireviziji2.jpg]
[sz-vit.si/wp-content/uploads/2023/10/6600697716136_711_pokoncanireviziji2-270x230.jpg]
[sz-vit.si/wp-content/uploads/2023/10/2361478753590_713_715-125obvstopuvdelavnico.jpg]
[sz-vit.si/wp-content/uploads/2023/10/2361478753590_713_715-125obvstopuvdelavnico-270x230.jpg]
[sz-vit.si/wp-content/uploads/2023/10/8273739106582_713_715-125odstranjenocelo.jpg]
[sz-vit.si/wp-content/uploads/2023/10/8273739106582_713_715-125odstranjenocelo-270x230.jpg]
[sz-vit.si/wp-content/uploads/2023/10/6780391698644_713_715-125obnovljenocelo.jpg]
[sz-vit.si/wp-content/uploads/2023/10/6780391698644_713_715-125obnovljenocelo-270x230.jpg]
[sz-vit.si/wp-content/uploads/2023/10/7166756408740_713_715-125obnovljenaprikolica.jpg]
[sz-vit.si/wp-content/uploads/2023/10/7166756408740_713_715-125obnovljenaprikolica-270x230.jpg]
[sz-vit.si/wp-content/uploads/2023/10/7398943402179_tamnsmodificiranitamns.jpg]
[sz-vit.si/wp-content/uploads/2023/10/7398943402179_tamnsmodificiranitamns-270x230.jpg]
[sz-vit.si/wp-content/uploads/2023/10/8339373918882_tamnssstaroponjavo-pogonzverigo.jpg]
[sz-vit.si/wp-content/uploads/2023/10/8339373918882_tamnssstaroponjavo-pogonzverigo-270x230.jpg]
[sz-vit.si/wp-content/uploads/2023/10/9807168802207_tamnsstaripogonzverigo.jpg]
[sz-vit.si/wp-content/uploads/2023/10/9807168802207_tamnsstaripogonzverigo-270x230.jpg]
[sz-vit.si/wp-content/uploads/2023/10/9150235743956_tamnsjermenskipogonjemontiran.jpg]
[sz-vit.si/wp-content/uploads/2023/10/9150235743956_tamnsjermenskipogonjemontiran-270x230.jpg]
[sz-vit.si/wp-content/uploads/2023/10/959056658609_tamnspomodifikaciji.jpg]
[sz-vit.si/wp-content/uploads/2023/10/959056658609_tamnspomodifikaciji-270x230.jpg]
[sz-vit.si/wp-content/uploads/2023/10/1291856585996_vagoniploscniki.jpg]
[sz-vit.si/wp-content/uploads/2023/10/1291856585996_vagoniploscniki-270x230.jpg]
[sz-vit.si/wp-content/uploads/2023/10/9429580806975_eas1.jpg]
[sz-vit.si/wp-content/uploads/2023/10/9319778281469_eas2.jpg]
[sz-vit.si/wp-content/uploads/2023/10/9319778281469_eas2-270x230.jpg]
[sz-vit.si/wp-content/uploads/2023/10/9430686394440_muzejskipotniskivagon1.jpg]
[sz-vit.si/wp-content/uploads/2023/10/9430686394440_muzejskipotniskivagon1-270x230.jpg]
[sz-vit.si/wp-content/uploads/2023/10/7300710994349_muzejskipotniskivagon2.jpg]
[sz-vit.si/wp-content/uploads/2023/10/7300710994349_muzejskipotniskivagon2-270x230.jpg]
[sz-vit.si/wp-content/uploads/2023/10/5960745723390_363medrevizijo2.jpg]
[sz-vit.si/wp-content/uploads/2023/10/5960745723390_363medrevizijo2-270x230.jpg]
[sz-vit.si/wp-content/uploads/2023/10/843420090138_363medrevizijo.jpg]
[sz-vit.si/wp-content/uploads/2023/10/843420090138_363medrevizijo-270x230.jpg]
[sz-vit.si/wp-content/uploads/2023/10/7558851312158_363izvezavalokomotive.jpg]
[sz-vit.si/wp-content/uploads/2023/10/7558851312158_363izvezavalokomotive-270x230.jpg]
[sz-vit.si/wp-content/uploads/2023/10/7264599395258_363vstaripodobi.jpg]
[sz-vit.si/wp-content/uploads/2023/10/7264599395258_363vstaripodobi-270x230.jpg]
[sz-vit.si/wp-content/uploads/2023/10/1100069522950_311pokoncanireviziji.jpg]
[sz-vit.si/wp-content/uploads/2023/10/1100069522950_311pokoncanireviziji-270x230.jpg]
[sz-vit.si/wp-content/uploads/2023/10/5712203610921_311obnovljenatoaleta.jpg]
[sz-vit.si/wp-content/uploads/2023/10/5712203610921_311obnovljenatoaleta-270x230.jpg]
[sz-vit.si/wp-content/uploads/2023/10/8070606623361_311obnovljenanotranjost.jpg]
[sz-vit.si/wp-content/uploads/2023/10/8070606623361_311obnovljenanotranjost-270x230.jpg]
[sz-vit.si/wp-content/uploads/2023/10/3105914418706_tadskoncani.jpg]
[sz-vit.si/wp-content/uploads/2023/10/3105914418706_tadskoncani-270x230.jpg]
[sz-vit.si/wp-content/uploads/2023/10/807360123999_tadsgibljivarocica.jpg]
[sz-vit.si/wp-content/uploads/2023/10/807360123999_tadsgibljivarocica-270x230.jpg]
[sz-vit.si/wp-content/uploads/2023/10/2424013178319_813-130modernizirani.jpg]
[sz-vit.si/wp-content/uploads/2023/10/2424013178319_813-130modernizirani-270x230.jpg]
[sz-vit.si/wp-content/uploads/2023/10/1191867731225_813-130sstaropodobo.jpg]
[sz-vit.si/wp-content/uploads/2023/10/1191867731225_813-130sstaropodobo-270x230.jpg]
[sz-vit.si/wp-content/uploads/2023/10/396136980284_813-130staranotranjost.jpg]
[sz-vit.si/wp-content/uploads/2023/10/396136980284_813-130staranotranjost-270x230.jpg]
[sz-vit.si/wp-content/uploads/2023/10/2173563559321_813-130medmodernizacijo.jpg]
[sz-vit.si/wp-content/uploads/2023/10/2173563559321_813-130medmodernizacijo-270x230.jpg]
[sz-vit.si/wp-content/uploads/2023/10/4144562286867_813-130medobnovo.jpg]
[sz-vit.si/wp-content/uploads/2023/10/4144562286867_813-130medobnovo-270x230.jpg]
[sz-vit.si/wp-content/uploads/2023/10/7719705773201_813-130medpredelavo.jpg]
[sz-vit.si/wp-content/uploads/2023/10/7719705773201_813-130medpredelavo-270x230.jpg]
[sz-vit.si/wp-content/uploads/2023/10/8177520039121_813-130novanotranjapodoba.jpg]
[sz-vit.si/wp-content/uploads/2023/10/8177520039121_813-130novanotranjapodoba-270x230.jpg]
[sz-vit.si/wp-content/uploads/2023/10/4341564327454_813-130udobnejsisedezi.jpg]
[sz-vit.si/wp-content/uploads/2023/10/4341564327454_813-130udobnejsisedezi-270x230.jpg]
[sz-vit.si/wp-content/uploads/2023/10/5900215693090_813-130prenovljeniprehodi.jpg]
[sz-vit.si/wp-content/uploads/2023/10/5900215693090_813-130prenovljeniprehodi-270x230.jpg]
[sz-vit.si/wp-content/uploads/2023/10/2392220354850_813-130toaleta.jpg]
[sz-vit.si/wp-content/uploads/2023/10/2392220354850_813-130toaleta-270x230.jpg]
[sz-vit.si/wp-content/uploads/2023/10/5226457210401_813-130prehodi.jpg]
[sz-vit.si/wp-content/uploads/2023/10/5226457210401_813-130prehodi-270x230.jpg]
[sz-vit.si/wp-content/uploads/2023/10/2959844218027_813-130vozniskakabina.jpg]
[sz-vit.si/wp-content/uploads/2023/10/2959844218027_813-130vozniskakabina-270x230.jpg]
[sz-vit.si/wp-content/uploads/2023/10/8726838243451_813-130novazunanjapodoba.jpg]
[sz-vit.si/wp-content/uploads/2023/10/8726838243451_813-130novazunanjapodoba-270x230.jpg]
[sz-vit.si/wp-content/uploads/2023/10/7078091189948_sggmrssslika.jpg]
[sz-vit.si/wp-content/uploads/2023/10/7078091189948_sggmrssslika-270x126.jpg]
[sz-vit.si/wp-content/uploads/2023/10/6735878624885_sggmrssmedrevizijo.jpg]
[sz-vit.si/wp-content/uploads/2023/10/6735878624885_sggmrssmedrevizijo-270x230.jpg]
[sz-vit.si/wp-content/uploads/2023/10/4099445811567_sggmrssmedrevizijo2.jpg]
[sz-vit.si/wp-content/uploads/2023/10/4099445811567_sggmrssmedrevizijo2-270x230.jpg]
[sz-vit.si/wp-content/uploads/2023/10/1930888860903_faccskoncani.jpg]
[sz-vit.si/wp-content/uploads/2023/10/1930888860903_faccskoncani-270x230.jpg]
[sz-vit.si/wp-content/uploads/2023/10/4747181926619_faccsmedprenovo.jpg]
[sz-vit.si/wp-content/uploads/2023/10/4747181926619_faccsmedprenovo-270x230.jpg]
[sz-vit.si/wp-content/uploads/2023/10/6149826924599_faccssvezepobarvan.jpg]
[sz-vit.si/wp-content/uploads/2023/10/6149826924599_faccssvezepobarvan-270x230.jpg]
[sz-vit.si/wp-content/uploads/2023/10/9457526705558_faccspredspustomnapodstavnevozicke.jpg]
[sz-vit.si/wp-content/uploads/2023/10/9457526705558_faccspredspustomnapodstavnevozicke-270x230.jpg]
[sz-vit.si/wp-content/uploads/2023/10/4569922344596_faccskonlanivagon.jpg]
[sz-vit.si/wp-content/uploads/2023/10/4569922344596_faccskonlanivagon-270x230.jpg]
[sz-vit.si/wp-content/uploads/2023/10/Makedonske-zeleznice_logo.png]
[sz-vit.si/wp-content/uploads/2023/10/4386383888494_642zabojnikzakumulatorjem.jpg]
[sz-vit.si/wp-content/uploads/2023/10/4386383888494_642zabojnikzakumulatorjem-270x230.jpg]
[sz-vit.si/wp-content/uploads/2023/10/6299663821958_642komandnipult.jpg]
[sz-vit.si/wp-content/uploads/2023/10/6299663821958_642komandnipult-270x230.jpg]
[sz-vit.si/wp-content/uploads/2023/10/4224382660377_642kontaktnaomara.jpg]
[sz-vit.si/wp-content/uploads/2023/10/4224382660377_642kontaktnaomara-270x230.jpg]
[sz-vit.si/wp-content/uploads/2023/10/4230811355893_713-112aluminijastiokvir.jpg]
[sz-vit.si/wp-content/uploads/2023/10/4230811355893_713-112aluminijastiokvir-270x230.jpg]
[sz-vit.si/wp-content/uploads/2023/10/2896637993448_713-112novkomandnipult.jpg]
[sz-vit.si/wp-content/uploads/2023/10/2896637993448_713-112novkomandnipult-270x230.jpg]
[sz-vit.si/wp-content/uploads/2023/10/9708034143568_713-112popravljenivlak.jpg]
[sz-vit.si/wp-content/uploads/2023/10/9708034143568_713-112popravljenivlak-270x230.jpg]
[sz-vit.si/wp-content/uploads/2023/10/9951500426691_vagonfal2.jpg]
[sz-vit.si/wp-content/uploads/2023/10/9951500426691_vagonfal2-270x230.jpg]
[sz-vit.si/wp-content/uploads/2023/10/2525246628256_vagonfal3.jpg]
[sz-vit.si/wp-content/uploads/2023/10/2525246628256_vagonfal3-270x230.jpg]
[sz-vit.si/wp-content/uploads/2023/10/3513736063369_vagonfal4.jpg]
[sz-vit.si/wp-content/uploads/2023/10/3513736063369_vagonfal4-270x230.jpg]
[sz-vit.si/wp-content/uploads/2023/10/7605070452072_vagonfal5.jpg]
[sz-vit.si/wp-content/uploads/2023/10/7605070452072_vagonfal5-270x230.jpg]
[sz-vit.si/wp-content/uploads/2023/10/7939153189270_vagonfal6.jpg]
[sz-vit.si/wp-content/uploads/2023/10/7939153189270_vagonfal6-270x230.jpg]
[sz-vit.si/wp-content/uploads/2023/10/8881021631514_vagonfal7.jpg]
[sz-vit.si/wp-content/uploads/2023/10/8881021631514_vagonfal7-270x230.jpg]
[sz-vit.si/wp-content/uploads/2023/10/1759699184492_312stevecenergije.jpg]
[sz-vit.si/wp-content/uploads/2023/10/1759699184492_312stevecenergije-270x230.jpg]
[sz-vit.si/wp-content/uploads/2023/10/6343753623310_312termopanokno.jpg]
[sz-vit.si/wp-content/uploads/2023/10/6343753623310_312termopanokno-270x230.jpg]
[sz-vit.si/wp-content/uploads/2023/10/6519703952862_312dodatnaozemljitev.jpg]
[sz-vit.si/wp-content/uploads/2023/10/6519703952862_312dodatnaozemljitev-270x230.jpg]
[sz-vit.si/wp-content/uploads/2023/10/8493852487907_312medvoznaspenjaca.jpg]
[sz-vit.si/wp-content/uploads/2023/10/8493852487907_312medvoznaspenjaca-270x230.jpg]
[sz-vit.si/wp-content/uploads/2023/10/2973823210925_kislinapredrevizijo.jpg]
[sz-vit.si/wp-content/uploads/2023/10/2973823210925_kislinapredrevizijo-270x230.jpg]
[sz-vit.si/wp-content/uploads/2023/10/699581498267_kilsinapredrevizijo2.jpg]
[sz-vit.si/wp-content/uploads/2023/10/699581498267_kilsinapredrevizijo2-270x230.jpg]
[sz-vit.si/wp-content/uploads/2023/10/8108230492118_kislinapredprevzemom2.jpg]
[sz-vit.si/wp-content/uploads/2023/10/8108230492118_kislinapredprevzemom2-270x230.jpg]
[sz-vit.si/wp-content/uploads/2023/10/2100386292294_kislinapredprevzemom.jpg]
[sz-vit.si/wp-content/uploads/2023/10/2100386292294_kislinapredprevzemom-270x230.jpg]
[sz-vit.si/wp-content/uploads/2023/10/7480497293821_643-051nova.jpg]
[sz-vit.si/wp-content/uploads/2023/10/7480497293821_643-051nova-270x230.jpg]
[sz-vit.si/wp-content/uploads/2023/10/4415865407406_643-051stara.jpg]
[sz-vit.si/wp-content/uploads/2023/10/4415865407406_643-051stara-270x230.jpg]
[sz-vit.si/wp-content/uploads/2023/10/3882314626445_y-blkoncanivagonnotranjost.jpg]
[sz-vit.si/wp-content/uploads/2023/10/3882314626445_y-blkoncanivagonnotranjost-270x230.jpg]
[sz-vit.si/wp-content/uploads/2023/10/oebb_logo-640x237.png]
[sz-vit.si/wp-content/uploads/2023/10/4003622175774_gabspremik.jpg]
[sz-vit.si/wp-content/uploads/2023/10/4003622175774_gabspremik-270x230.jpg]
[sz-vit.si/wp-content/uploads/2023/10/5280090605322_gabsodstranjevanjenadgradnje.jpg]
[sz-vit.si/wp-content/uploads/2023/10/5280090605322_gabsodstranjevanjenadgradnje-270x230.jpg]
[sz-vit.si/wp-content/uploads/2023/10/8267933919365_gabsprecninosilci.jpg]
[sz-vit.si/wp-content/uploads/2023/10/8267933919365_gabsprecninosilci-270x230.jpg]
[sz-vit.si/wp-content/uploads/2023/10/8228253313212_gabsmehanizmizazapiranjeinodpiranje.jpg]
[sz-vit.si/wp-content/uploads/2023/10/8228253313212_gabsmehanizmizazapiranjeinodpiranje-270x230.jpg]
[sz-vit.si/wp-content/uploads/2023/10/4578698628235_gabsojacitve.jpg]
[sz-vit.si/wp-content/uploads/2023/10/4578698628235_gabsojacitve-270x230.jpg]
[sz-vit.si/wp-content/uploads/2023/10/R.M.U.-Banovici_logo.png]
[sz-vit.si/wp-content/uploads/2023/10/4488836520338_732-1952.jpg]
[sz-vit.si/wp-content/uploads/2023/10/4488836520338_732-1952-270x230.jpg]
[sz-vit.si/wp-content/uploads/2023/10/7977467114999_732-1953.jpg]
[sz-vit.si/wp-content/uploads/2023/10/7977467114999_732-1953-270x230.jpg]
[sz-vit.si/wp-content/uploads/2023/10/5645694409926_732-195krmilni_pult_copy1.jpg]
[sz-vit.si/wp-content/uploads/2023/10/5645694409926_732-195krmilni_pult_copy1-270x230.jpg]
[sz-vit.si/o-nas/reference/index.html]
[sz-vit.si/cdn-cgi/l/email-protection.html]
[sz-vit.si/wp-content/uploads/bb-plugin/cache/8531-layout4fcc.css]
[sz-vit.si/wp-content/uploads/2023/10/Poslanstvo.jpg]
[sz-vit.si/wp-content/uploads/bb-plugin/cache/8531-layoutc8f0.js]
[sz-vit.si/o-nas/poslanstvo-vizija-in-vrednote/index.html]
[sz-vit.si/wp-content/uploads/bb-plugin/cache/10186-layout4b2c.css]
[sz-vit.si/wp-content/uploads/2024/01/Izjava-o-neodvisnosti-NS-SZ-VIT-Jozef-Petrovic.pdf]
[sz-vit.si/wp-content/uploads/2024/01/2023-Izjava-o-neodvisnosti-NS-SZ-VIT-Jana-Koncar.pdf]
[sz-vit.si/wp-content/uploads/2024/01/2023-Izjava-o-neodvisnosti-NS-SZ-VIT-Zdenko-Lorber.pdf]
[sz-vit.si/wp-content/uploads/2024/01/2023-Izjava-o-neodvisnosti-NS-SZ-VIT-Petra-Finzgar.pdf]
[sz-vit.si/wp-content/uploads/bb-plugin/cache/10186-layout648a.js]
[sz-vit.si/o-nas/vodstvo/index.html]
[sz-vit.si/wp-content/uploads/bb-plugin/cache/8779-layout2145.css]
[sz-vit.si/wp-content/uploads/2023/10/Lokomotive.jpg]
[sz-vit.si/wp-content/uploads/2023/10/Reference-520x300.jpg]
[sz-vit.si/wp-content/uploads/bb-plugin/cache/8779-layoutc8ed.js]
[sz-vit.si/vzdrzevanje/lokomotive/index.html]
[sz-vit.si/wp-content/uploads/bb-plugin/cache/8793-layouteb61.css]
[sz-vit.si/wp-content/uploads/2023/10/EMG.jpg]
[sz-vit.si/wp-content/uploads/bb-plugin/cache/8793-layoutc8ed.js]
[sz-vit.si/vzdrzevanje/dizelske-in-elektricne-motorne-garniture/index.html]
[sz-vit.si/wp-content/uploads/bb-plugin/cache/8791-layoutcf6c.css]
[sz-vit.si/wp-content/uploads/2023/10/Potniski.jpg]
[sz-vit.si/wp-content/uploads/bb-plugin/cache/8791-layoutc8ed.js]
[sz-vit.si/vzdrzevanje/potniski-vagoni/index.html]
[sz-vit.si/wp-content/uploads/bb-plugin/cache/8789-layout527b.css]
[sz-vit.si/wp-content/uploads/2023/10/Tovorni.jpg]
[sz-vit.si/wp-content/uploads/bb-plugin/cache/8789-layoutc8ed.js]
[sz-vit.si/vzdrzevanje/tovorni-vagoni/index.html]
[sz-vit.si/wp-content/uploads/bb-plugin/cache/8787-layoutb85f.css]
[sz-vit.si/wp-content/uploads/2023/10/Posebna.jpg]
[sz-vit.si/wp-content/uploads/bb-plugin/cache/8787-layoutc8ed.js]
[sz-vit.si/vzdrzevanje/zelezniska-vozila-za-posebne-namene/index.html]
[sz-vit.si/wp-content/uploads/bb-plugin/cache/8785-layoutcc2c.css]
[sz-vit.si/wp-content/uploads/2023/10/KD.jpg]
[sz-vit.si/wp-content/uploads/bb-plugin/cache/8785-layoutc8ed.js]
[sz-vit.si/vzdrzevanje/obdelava-in-vzdrzevanje-kolesnih-dvojic-in-komponent/index.html]
[sz-vit.si/wp-content/uploads/bb-plugin/cache/8783-layoutbfef.css]
[sz-vit.si/wp-content/uploads/2023/10/Dodatne.jpg]
[sz-vit.si/wp-content/uploads/2023/10/4773679348231_rid-20003-ce-def-approved_experts_slovenia-1.pdf]
[sz-vit.si/wp-content/uploads/2023/11/Metode-s-fleksibilnim-obsegom-akreditacije_23.pdf]
[sz-vit.si/wp-content/uploads/2023/10/Pogoji-poslovanja-web-version.pdf]
[sz-vit.si/wp-content/uploads/bb-plugin/cache/8783-layoutbce6.js]
[sz-vit.si/vzdrzevanje/dodatne-storitve/index.html]
[sz-vit.si/wp-content/uploads/bb-plugin/cache/8914-layoutfa31.css]
[sz-vit.si/wp-content/uploads/2023/10/vitraz.jpg]
[sz-vit.si/wp-content/uploads/2024/03/Vitraz_februar2024_web.pdf]
[sz-vit.si/wp-content/uploads/2024/03/Vitraz_februar2024_web-pdf-342x480.jpg]
[sz-vit.si/wp-content/uploads/2024/01/Vitraz_december2023web.pdf]
[sz-vit.si/wp-content/uploads/2024/01/Vitraz_december2023web-pdf-342x480.jpg]
[sz-vit.si/wp-content/uploads/2023/12/Vitraz_november2023_web-1.pdf]
[sz-vit.si/wp-content/uploads/2023/12/Vitraz_november2023_web-1-pdf-2-342x480.jpg]
[sz-vit.si/wp-content/uploads/2023/10/7472611393695_vitraz_maj2023_web.pdf]
[sz-vit.si/wp-content/uploads/2023/10/7472611393695_vitraz_maj2023_web-pdf-3-342x480.jpg]
[sz-vit.si/wp-content/uploads/2023/10/8045637005052_vitraz_februar2023_web.pdf]
[sz-vit.si/wp-content/uploads/2023/10/8045637005052_vitraz_februar2023_web-pdf-3-342x480.jpg]
[sz-vit.si/wp-content/uploads/2023/10/8723106291571_vitraz_december2022_web.pdf]
[sz-vit.si/wp-content/uploads/2023/10/8723106291571_vitraz_december2022_web-pdf-3-342x480.jpg]
[sz-vit.si/wp-content/uploads/2023/10/9197337467354_vitraz_oktober2022.pdf]
[sz-vit.si/wp-content/uploads/2023/10/9197337467354_vitraz_oktober2022-pdf-3-342x480.jpg]
[sz-vit.si/wp-content/uploads/2023/10/7054002297491_vitraz_avgust2022_web.pdf]
[sz-vit.si/wp-content/uploads/2023/10/7054002297491_vitraz_avgust2022_web-pdf-3-342x480.jpg]
[sz-vit.si/wp-content/uploads/2023/10/8731021795071_vitraz_junij2022.pdf]
[sz-vit.si/wp-content/uploads/2023/10/8731021795071_vitraz_junij2022-pdf-3-342x480.jpg]
[sz-vit.si/wp-content/uploads/2023/11/9472694668428_vitraz_feb_web.pdf]
[sz-vit.si/wp-content/uploads/2023/11/9472694668428_vitraz_feb_web-pdf-3-342x480.jpg]
[sz-vit.si/wp-content/uploads/2023/10/6791193288652_vitraz_december2021_web.pdf]
[sz-vit.si/wp-content/uploads/2023/10/6791193288652_vitraz_december2021_web-pdf-3-339x480.jpg]
[sz-vit.si/wp-content/uploads/2023/10/7815081176391_vitraz_oktober2021_web.pdf]
[sz-vit.si/wp-content/uploads/2023/10/7815081176391_vitraz_oktober2021_web-pdf-3-339x480.jpg]
[sz-vit.si/wp-content/uploads/2023/10/8660486492484_maj-junij_web.pdf]
[sz-vit.si/wp-content/uploads/2023/10/8660486492484_maj-junij_web-pdf-3-342x480.jpg]
[sz-vit.si/wp-content/uploads/2023/10/4602466514844_vitraz2021-02-april.net_.pdf]
[sz-vit.si/wp-content/uploads/2023/10/4602466514844_vitraz2021-02-april.net_-pdf-3-339x480.jpg]
[sz-vit.si/wp-content/uploads/2023/10/8492351221071_vitraz_februar_web.pdf]
[sz-vit.si/wp-content/uploads/2023/10/8492351221071_vitraz_februar_web-pdf-3-342x480.jpg]
[sz-vit.si/wp-content/uploads/bb-plugin/cache/8914-layoutfdbf.js]
[sz-vit.si/publikacije/index.html]
[sz-vit.si/wp-content/plugins/bb-plugin/fonts/fontawesome/5.15.4/webfonts/fa-solid-900.woff2]
[sz-vit.si/wp-content/plugins/bb-plugin/fonts/fontawesome/5.15.4/css/all.mineade.css]
[sz-vit.si/wp-content/uploads/bb-plugin/cache/10210-layoutd093.css]
[sz-vit.si/wp-content/uploads/2023/11/informacije-javnega-znacaja.jpg]
[sz-vit.si/wp-content/uploads/2024/01/Objava-po-11.-odstavku-10a.-clena_2024.pdf]
[sz-vit.si/wp-content/uploads/2024/02/Objave-informacij-javnega-znacaja-12-odstavek_VIT_psl_2023.pdf]
[sz-vit.si/wp-content/uploads/2024/02/Objava-po-12.-odstavku-10a.-clena-ZDIJZ_clani-NS.pdf]
[sz-vit.si/wp-content/uploads/2024/02/Izplacilo-place-za-poslovno-uspesnost-za-leto-2023-VIT.pdf]
[sz-vit.si/wp-content/uploads/2023/11/SZ-VIT-Izplacilo-regresa2023.pdf]
[sz-vit.si/wp-content/uploads/2023/11/kolektivna_pog-SZ-d.o.o.pdf]
[sz-vit.si/wp-content/uploads/2023/11/Dogovor_o_ukrepih_na_podrocju_plac-SZ-d.o.o.pdf]
[sz-vit.si/wp-content/uploads/2023/11/Dogovor-poslovodstva-druzb-v-KSDZ-in-reprezentativnih-sindikatov-15.januar-2016.pdf]
[sz-vit.si/wp-content/uploads/2023/11/Dogovor_december_2022.pdf]
[sz-vit.si/wp-content/uploads/2023/11/Dogovor_junj_2022.pdf]
[sz-vit.si/wp-content/uploads/2023/11/Dogovor_februar_2022.pdf]
[sz-vit.si/wp-content/uploads/2023/11/2017_1222_Dogovor-2018.pdf]
[sz-vit.si/wp-content/uploads/2023/11/Dogovor_avgust_2019.pdf]
[sz-vit.si/wp-content/uploads/2023/11/Dogovor_december_2019.pdf]
[sz-vit.si/wp-content/uploads/bb-plugin/cache/10210-layout22b1.js]
[sz-vit.si/informacije-javnega-znacaja/index.html]
[sz-vit.si/wp-content/uploads/bb-plugin/cache/9629-layoute4d8.css]
[sz-vit.si/wp-content/uploads/bb-plugin/cache/9629-layoutc8f0.js]
[sz-vit.si/politika-varovanja-osebnih-podatkov/index.html]
[sz-vit.si/wp-content/uploads/bb-plugin/cache/9636-layouteb89.css]
[sz-vit.si/wp-content/uploads/bb-plugin/cache/9636-layoutc8f0.js]
[sz-vit.si/izjava-o-dostopnosti/index.html]
[sz-vit.si/wp-content/uploads/bb-plugin/cache/8378-layout1964.css]
[sz-vit.si/wp-content/uploads/bb-plugin/cache/9752-layout228d.css]
[sz-vit.si/wp-content/uploads/bb-plugin/cache/9752-layoutc8f0.js]
[sz-vit.si/en/about/index.html]
[sz-vit.si/wp-content/uploads/bb-plugin/cache/9681-layoutb6a0.css]
[sz-vit.si/wp-content/uploads/bb-plugin/cache/9681-layout4d0d.js]
[sz-vit.si/en/maintenance/index.html]
[sz-vit.si/wp-content/uploads/bb-plugin/cache/9751-layout1138.css]
[sz-vit.si/wp-content/uploads/bb-plugin/cache/9751-layoutc8f0.js]
[sz-vit.si/en/traction/index.html]
[sz-vit.si/wp-content/uploads/bb-plugin/cache/9750-layoutad0c.css]
[sz-vit.si/wp-content/uploads/bb-plugin/cache/9750-layoutc8f0.js]
[sz-vit.si/en/technical-wagon-services/index.html]
[sz-vit.si/wp-content/uploads/bb-plugin/cache/9749-layoutd19e.css]
[sz-vit.si/wp-content/uploads/bb-plugin/cache/9749-layout5d59.js]
[sz-vit.si/en/latest/index.html]
[sz-vit.si/wp-content/uploads/bb-plugin/cache/9748-layout95f5.css]
[sz-vit.si/wp-content/uploads/bb-plugin/cache/9748-layoutc8f0.js]
[sz-vit.si/en/contact/index.html]
[sz-vit.si/wp-content/uploads/bb-plugin/cache/9682-layoutc36c.css]
[sz-vit.si/wp-content/uploads/2024/01/112566129938_szvit-iso9001-recert-certificate-eng-210120222.pdf]
[sz-vit.si/wp-content/uploads/2024/01/112566129938_szvit-iso9001-recert-certificate-eng-210120222-pdf-339x480.jpg]
[sz-vit.si/wp-content/uploads/2024/01/9890821065970_szvit-iso50001-certificate-v2-03022023-eng.pdf]
[sz-vit.si/wp-content/uploads/2024/01/9890821065970_szvit-iso50001-certificate-v2-03022023-eng-pdf-336x480.jpg]
[sz-vit.si/wp-content/uploads/2024/01/SZ-VIT-d.o.o.-ISO-14001-RECERT-Certificate-ENG-23012024.pdf]
[sz-vit.si/wp-content/uploads/2024/01/SZ-VIT-d.o.o.-ISO-14001-RECERT-Certificate-ENG-23012024-pdf-339x480.jpg]
[sz-vit.si/wp-content/uploads/2023/10/1306868090424_en_15085_2_certifikat_divaca_cl1.pdf]
[sz-vit.si/wp-content/uploads/2023/10/1306868090424_en_15085_2_certifikat_divaca_cl1-pdf-3-340x480.jpg]
[sz-vit.si/wp-content/uploads/2023/10/8033042759973_iso_3834_2_certifikat_divaca.pdf]
[sz-vit.si/wp-content/uploads/2023/10/8033042759973_iso_3834_2_certifikat_divaca-pdf-3-340x480.jpg]
[sz-vit.si/wp-content/uploads/bb-plugin/cache/9682-layout89c3.js]
[sz-vit.si/en/about/quality-policy-and-certificates/index.html]
[sz-vit.si/en/news/index.html]
[sz-vit.si/en/news/new-maintenance-facility-for-rolling-stock-next-to-the-port-od-koper/index.html]
[sz-vit.si/en/news/sz-vit-renews-its-ecm-certificate-according-to-regulation-eu-2019-779/index.html]
[sz-vit.si/en/news/ljubljana-center-now-with-independent-i3-inspections-of-vectron-locomotives/index.html]
[sz-vit.si/en/news/novo-leto-nova-podoba/index.html]
[sz-vit.si/en/news/first-major-overhaul-on-class-541-taurus/index.html]
[sz-vit.si/en/news/sz-vit-now-with-tsi-compliant-wheelsets/index.html]
[sz-vit.si/en/news/sz-vit-passes-ecm-surveillance-audit/index.html]
[sz-vit.si/en/about/references/index.html]
[sz-vit.si/wp-content/uploads/bb-plugin/cache/9747-layout4fcc.css]
[sz-vit.si/wp-content/uploads/bb-plugin/cache/9747-layoutc8f0.js]
[sz-vit.si/en/about/mission-vision-and-values/index.html]
[sz-vit.si/wp-content/uploads/bb-plugin/cache/10206-layout03b6.css]
[sz-vit.si/wp-content/uploads/bb-plugin/cache/10206-layoutc8f0.js]
[sz-vit.si/en/about/management/index.html]
[sz-vit.si/wp-content/uploads/bb-plugin/cache/9680-layoutd0e2.css]
[sz-vit.si/wp-content/uploads/bb-plugin/cache/9680-layoutc8ed.js]
[sz-vit.si/en/maintenance/locomotives/index.html]
[sz-vit.si/wp-content/uploads/bb-plugin/cache/9674-layoutbe83.css]
[sz-vit.si/wp-content/uploads/bb-plugin/cache/9674-layoutc8f0.js]
[sz-vit.si/en/maintenance/dmu-and-emu/index.html]
[sz-vit.si/wp-content/uploads/bb-plugin/cache/9675-layoutbfef.css]
[sz-vit.si/wp-content/uploads/bb-plugin/cache/9675-layoutc8ed.js]
[sz-vit.si/en/maintenance/coaches/index.html]
[sz-vit.si/wp-content/uploads/bb-plugin/cache/9676-layout4390.css]
[sz-vit.si/wp-content/uploads/bb-plugin/cache/9676-layoutc8ed.js]
[sz-vit.si/en/maintenance/freight-wagons/index.html]
[sz-vit.si/wp-content/uploads/bb-plugin/cache/9677-layout8ef4.css]
[sz-vit.si/wp-content/uploads/bb-plugin/cache/9677-layoutc8ed.js]
[sz-vit.si/en/maintenance/specialised-vehicles/index.html]
[sz-vit.si/wp-content/uploads/bb-plugin/cache/9678-layout50b7.css]
[sz-vit.si/wp-content/uploads/bb-plugin/cache/9678-layoutc8ed.js]
[sz-vit.si/en/maintenance/wheelsets-and-components/index.html]
[sz-vit.si/wp-content/uploads/bb-plugin/cache/9679-layout5fff.css]
[sz-vit.si/wp-content/uploads/2023/11/Methods-with-flexible-scope-of-acreditation_23.pdf]
[sz-vit.si/wp-content/uploads/2023/10/General-terms_2021.pdf]
[sz-vit.si/wp-content/uploads/bb-plugin/cache/9679-layout2fbe.js]
[sz-vit.si/en/maintenance/additional-services/index.html]
[sz-vit.si/wp-content/uploads/bb-plugin/cache/9672-layoutaa9e.css]
[sz-vit.si/wp-content/uploads/2023/11/VITal_newsletter_2023_za_objavo.pdf]
[sz-vit.si/wp-content/uploads/2023/11/VITal_newsletter_2023_za_objavo-pdf-2-339x480.jpg]
[sz-vit.si/wp-content/uploads/2023/11/Brosura_vzdrzevanje_2023_splet_book.pdf]
[sz-vit.si/wp-content/uploads/2023/11/Brosura_vzdrzevanje_2023_splet_book-pdf-3-480x480.jpg]
[sz-vit.si/wp-content/uploads/bb-plugin/cache/9672-layoute51d.js]
[sz-vit.si/en/publications/index.html]
[sz-vit.si/wp-content/uploads/bb-plugin/cache/9670-layoute4d8.css]
[sz-vit.si/wp-content/uploads/bb-plugin/cache/9670-layoutc8f0.js]
[sz-vit.si/en/protection-of-personal-data/index.html]
[sz-vit.si/wp-content/uploads/bb-plugin/cache/9669-layouteb89.css]
[sz-vit.si/wp-content/uploads/bb-plugin/cache/9669-layoutc8f0.js]
[sz-vit.si/en/accessibility-statement/index.html]
[p.typekit.net/pd69b.css]
[sz-vit.si/wp-content/themes/emigma/node_modules/owl.carousel/dist/assets/owl.video.play.png]
[sz-vit.si/wp-content/themes/emigma/node_modules/owl.carousel/dist/assets/owl.carousel.css]
[sz-vit.si/wp-content/themes/emigma/assets/fonts/fontawesome-webfont3e6e.svg]
[sz-vit.si/wp-content/themes/emigma/assets/images/nav-bg.svg]
[sz-vit.si/wp-content/themes/emigma/assets/images/download.svg]
[sz-vit.si/wp-content/themes/emigma/assets/images/page_bg.svg]
[sz-vit.si/wp-content/themes/emigma/assets/images/news-item-bg.svg]
[sz-vit.si/wp-content/themes/emigma/assets/icons/ic-brightness.svg]
[sz-vit.si/wp-content/themes/emigma/assets/icons/virus.svg]
[sz-vit.si/wp-content/themes/emigma/assets/icons/login.svg]
[sz-vit.si/wp-content/themes/emigma/assets/icons/check.svg]
[sz-vit.si/wp-content/uploads/2023/09/form-bg.png]
[sz-vit.si/wp-content/uploads/bb-plugin/cache/8498-layout5b6f.css]
[sz-vit.si/wp-content/plugins/gravityforms/fonts/gform-icons-themef60a.woff2]
[sz-vit.si/wp-content/plugins/gravityforms/fonts/gform-icons-themef60a.ttf]
[sz-vit.si/wp-content/plugins/gravityforms/fonts/gform-icons-themef60a.woff]
[sz-vit.si/wp-content/plugins/gravityforms/fonts/gform-icons-themef60a.svg]
[sz-vit.si/wp-content/plugins/gravityforms/legacy/css/chosen-sprite.png]
[sz-vit.si/wp-content/plugins/gravityforms/legacy/css/chosen-sprite@2x.png]
[sz-vit.si/wp-content/plugins/gravityforms/images/gf-creditcards.svg]
[sz-vit.si/wp-content/plugins/gravityforms/images/gf-creditcards-check.svg]
[sz-vit.si/wp-content/plugins/gravityforms/images/list-add.svg]
[sz-vit.si/wp-content/plugins/gravityforms/assets/css/dist/basic.min5e0b.css]
[sz-vit.si/wp-content/plugins/gravityforms/assets/css/dist/theme-components.min5e0b.css]
[sz-vit.si/wp-content/plugins/gravityforms/assets/css/dist/theme-ie11.min5e0b.css]
[sz-vit.si/wp-content/plugins/gravityforms/images/list-remove.svg]
[sz-vit.si/wp-content/plugins/gravityforms/assets/css/dist/theme.min5e0b.css]
[sz-vit.si/o-nas/_/politika-varovanja-osebnih-podatkov/index.html]
[sz-vit.si/wp-content/plugins/gravityforms/images/spinner.svg]
[sz-vit.si/wp-content/uploads/bb-plugin/cache/8714-layout5ab6.css]
[sz-vit.si/vzdrzevanje/_/politika-varovanja-osebnih-podatkov/index.html]
[sz-vit.si/wp-content/uploads/bb-plugin/cache/8502-layout1138.css]
[sz-vit.si/wp-content/uploads/bb-plugin/cache/8504-layoutad0c.css]
[sz-vit.si/wp-content/uploads/bb-plugin/cache/8506-layout01b0.css]
[sz-vit.si/wp-content/uploads/bb-plugin/cache/8508-layout6cfc.css]
[sz-vit.si/kontakti/_/politika-varovanja-osebnih-podatkov/index.html]
[sz-vit.si/wp-content/uploads/bb-plugin/cache/8676-layoutc36c.css]
[sz-vit.si/wp-content/plugins/gravityforms/images/theme/down-arrow.svg]
[sz-vit.si/wp-content/uploads/2023/10/SŽ_Vleka_in_tehnika_logotip_rgb-01-1.jpg]
[sz-vit.si/novice/novo-leto-nova-podoba/index.html]
[sz-vit.si/wp-content/uploads/2023/10/9026716314656_certifikat.png]
[sz-vit.si/novice/uspesno-opravljena-recertifikacijska-presoja-ecm-po-uredbi-eu-2019-779/index.html]
[sz-vit.si/novice/nove-kolesne-dvojice-v-skladu-s-tsi/index.html]
[sz-vit.si/novice/koncana-prva-velika-revizija-na-elektricni-lokomotivi-541/index.html]
[sz-vit.si/wp-content/uploads/2023/10/luka-koper_logo.svg]
[sz-vit.si/wp-content/uploads/bb-plugin/cache/8531-layout4fcc.css]
[sz-vit.si/wp-content/uploads/bb-plugin/cache/10186-layout4b2c.css]
[sz-vit.si/wp-content/uploads/bb-plugin/cache/8779-layout2145.css]
[sz-vit.si/vzdrzevanje/lokomotive/_/politika-varovanja-osebnih-podatkov/index.html]
[sz-vit.si/wp-content/uploads/bb-plugin/cache/8793-layouteb61.css]
[sz-vit.si/vzdrzevanje/dizelske-in-elektricne-motorne-garniture/_/politika-varovanja-osebnih-podatkov/index.html]
[sz-vit.si/wp-content/uploads/bb-plugin/cache/8791-layoutcf6c.css]
[sz-vit.si/vzdrzevanje/potniski-vagoni/_/politika-varovanja-osebnih-podatkov/index.html]
[sz-vit.si/wp-content/uploads/bb-plugin/cache/8789-layout527b.css]
[sz-vit.si/vzdrzevanje/tovorni-vagoni/_/politika-varovanja-osebnih-podatkov/index.html]
[sz-vit.si/wp-content/uploads/bb-plugin/cache/8787-layoutb85f.css]
[sz-vit.si/vzdrzevanje/zelezniska-vozila-za-posebne-namene/_/politika-varovanja-osebnih-podatkov/index.html]
[sz-vit.si/wp-content/uploads/bb-plugin/cache/8785-layoutcc2c.css]
[sz-vit.si/vzdrzevanje/obdelava-in-vzdrzevanje-kolesnih-dvojic-in-komponent/_/politika-varovanja-osebnih-podatkov/index.html]
[sz-vit.si/wp-content/uploads/bb-plugin/cache/8783-layoutbfef.css]
[sz-vit.si/vzdrzevanje/dodatne-storitve/_/politika-varovanja-osebnih-podatkov/index.html]
[sz-vit.si/wp-content/uploads/bb-plugin/cache/8914-layoutfa31.css]
[sz-vit.si/wp-content/plugins/bb-plugin/fonts/fontawesome/5.15.4/webfonts/fa-brands-400.eot]
[sz-vit.si/wp-content/plugins/bb-plugin/fonts/fontawesome/5.15.4/webfonts/fa-brands-400d41d.eot]
[sz-vit.si/wp-content/plugins/bb-plugin/fonts/fontawesome/5.15.4/webfonts/fa-brands-400.woff2]
[sz-vit.si/wp-content/plugins/bb-plugin/fonts/fontawesome/5.15.4/webfonts/fa-brands-400.woff]
[sz-vit.si/wp-content/plugins/bb-plugin/fonts/fontawesome/5.15.4/webfonts/fa-brands-400.ttf]
[sz-vit.si/wp-content/plugins/bb-plugin/fonts/fontawesome/5.15.4/webfonts/fa-brands-400.svg]
[sz-vit.si/wp-content/plugins/bb-plugin/fonts/fontawesome/5.15.4/webfonts/fa-regular-400.eot]
[sz-vit.si/wp-content/plugins/bb-plugin/fonts/fontawesome/5.15.4/webfonts/fa-regular-400d41d.eot]
[sz-vit.si/wp-content/plugins/bb-plugin/fonts/fontawesome/5.15.4/webfonts/fa-regular-400.woff2]
[sz-vit.si/wp-content/plugins/bb-plugin/fonts/fontawesome/5.15.4/webfonts/fa-regular-400.woff]
[sz-vit.si/wp-content/plugins/bb-plugin/fonts/fontawesome/5.15.4/webfonts/fa-regular-400.ttf]
[sz-vit.si/wp-content/plugins/bb-plugin/fonts/fontawesome/5.15.4/webfonts/fa-regular-400.svg]
[sz-vit.si/wp-content/plugins/bb-plugin/fonts/fontawesome/5.15.4/webfonts/fa-solid-900.eot]
[sz-vit.si/wp-content/plugins/bb-plugin/fonts/fontawesome/5.15.4/webfonts/fa-solid-900d41d.eot]
[sz-vit.si/wp-content/plugins/bb-plugin/fonts/fontawesome/5.15.4/webfonts/fa-solid-900.woff]
[sz-vit.si/wp-content/plugins/bb-plugin/fonts/fontawesome/5.15.4/webfonts/fa-solid-900.ttf]
[sz-vit.si/wp-content/plugins/bb-plugin/fonts/fontawesome/5.15.4/css/all.mineade.css]
[sz-vit.si/wp-content/uploads/bb-plugin/cache/10210-layoutd093.css]
[sz-vit.si/wp-content/uploads/bb-plugin/cache/9629-layoute4d8.css]
[sz-vit.si/wp-content/uploads/bb-plugin/cache/9636-layouteb89.css]
[sz-vit.si/wp-content/uploads/bb-plugin/cache/9752-layout228d.css]
[sz-vit.si/en/about/_/politika-varovanja-osebnih-podatkov/index.html]
[sz-vit.si/wp-content/uploads/bb-plugin/cache/9681-layoutb6a0.css]
[sz-vit.si/en/maintenance/_/politika-varovanja-osebnih-podatkov/index.html]
[sz-vit.si/wp-content/uploads/bb-plugin/cache/9751-layout1138.css]
[sz-vit.si/wp-content/uploads/bb-plugin/cache/9750-layoutad0c.css]
[sz-vit.si/wp-content/uploads/bb-plugin/cache/9749-layoutd19e.css]
[sz-vit.si/wp-content/uploads/bb-plugin/cache/9748-layout95f5.css]
[sz-vit.si/en/contact/_/politika-varovanja-osebnih-podatkov/index.html]
[sz-vit.si/wp-content/uploads/bb-plugin/cache/9682-layoutc36c.css]
[sz-vit.si/en/news/novo-leto-nova-podoba/index.html]
[sz-vit.si/en/news/sz-vit-renews-its-ecm-certificate-according-to-regulation-eu-2019-779/index.html]
[sz-vit.si/en/news/sz-vit-now-with-tsi-compliant-wheelsets/index.html]
[sz-vit.si/en/news/first-major-overhaul-on-class-541-taurus/index.html]
[sz-vit.si/wp-content/uploads/bb-plugin/cache/9747-layout4fcc.css]
[sz-vit.si/wp-content/uploads/bb-plugin/cache/10206-layout03b6.css]
[sz-vit.si/wp-content/uploads/bb-plugin/cache/9680-layoutd0e2.css]
[sz-vit.si/en/maintenance/locomotives/_/politika-varovanja-osebnih-podatkov/index.html]
[sz-vit.si/wp-content/uploads/bb-plugin/cache/9674-layoutbe83.css]
[sz-vit.si/en/maintenance/dmu-and-emu/_/politika-varovanja-osebnih-podatkov/index.html]
[sz-vit.si/wp-content/uploads/bb-plugin/cache/9675-layoutbfef.css]
[sz-vit.si/en/maintenance/coaches/_/politika-varovanja-osebnih-podatkov/index.html]
[sz-vit.si/wp-content/uploads/bb-plugin/cache/9676-layout4390.css]
[sz-vit.si/en/maintenance/freight-wagons/_/politika-varovanja-osebnih-podatkov/index.html]
[sz-vit.si/wp-content/uploads/bb-plugin/cache/9677-layout8ef4.css]
[sz-vit.si/en/maintenance/specialised-vehicles/_/politika-varovanja-osebnih-podatkov/index.html]
[sz-vit.si/wp-content/uploads/bb-plugin/cache/9678-layout50b7.css]
[sz-vit.si/en/maintenance/wheelsets-and-components/_/politika-varovanja-osebnih-podatkov/index.html]
[sz-vit.si/wp-content/uploads/bb-plugin/cache/9679-layout5fff.css]
[sz-vit.si/en/maintenance/additional-services/_/politika-varovanja-osebnih-podatkov/index.html]
[sz-vit.si/wp-content/uploads/bb-plugin/cache/9672-layoutaa9e.css]
[sz-vit.si/wp-content/plugins/bb-plugin/fonts/fontawesome/5.15.4/webfonts/fa-solid-900.svg]
[sz-vit.si/wp-content/uploads/bb-plugin/cache/9670-layoute4d8.css]
[sz-vit.si/wp-content/uploads/bb-plugin/cache/9669-layouteb89.css]
[sz-vit.si/wp-content/plugins/gravityforms/fonts/gform-icons-themef60a.svg]
[sz-vit.si/wp-content/plugins/gravityforms/images/gf-creditcards.svg]
[sz-vit.si/wp-content/plugins/gravityforms/images/gf-creditcards-check.svg]
[sz-vit.si/wp-content/plugins/gravityforms/images/list-add.svg]
[sz-vit.si/wp-content/plugins/gravityforms/images/list-remove.svg]
[sz-vit.si/wp-content/plugins/gravityforms/images/theme/down-arrow.svg]
[sz-vit.si/wp-content/plugins/bb-plugin/fonts/fontawesome/5.15.4/webfonts/fa-brands-400.svg]
[sz-vit.si/wp-content/plugins/bb-plugin/fonts/fontawesome/5.15.4/webfonts/fa-regular-400.svg]
[sz-vit.si/wp-content/plugins/bb-plugin/fonts/fontawesome/5.15.4/webfonts/fa-solid-900.svg]
